// Jest Snapshot v1, https://goo.gl/fbAQLP

exports[`App.vue renders App correctly 1`] = `
<div
  id="app"
>
  <header>
    <p>
      BROCCOLI & CO.
    </p>
  </header>
   
  <section>
    <landing-stub />
  </section>
   
  <footer>
    
    Made with heart in Melbourne.
    <br />
    
    @ 2020 Broccoli & Co. All rights reserved.
  
  </footer>
</div>
`;
